// Vitest Snapshot v1, https://vitest.dev/guide/snapshot.html

exports[`Rspack plugin > should handle a JSON schema with a reference 1`] = `"(()=>{"use strict";var e={},r={};function t(o){var s=r[o];if(void 0!==s)return s.exports;var n=r[o]={exports:{}};return e[o](n,n.exports,t),n.exports}t.rv=function(){return"1.0.5"},t.ruid="bundler=rspack@1.0.5";console.log({openapi:"3.0.0",info:{title:"My great API",description:"Great description",version:"1.0.0"},paths:{"/my/path":{get:{summary:"Some GET request",responses:{200:{description:"Some response",content:{"application/json":{schema:{type:"object",properties:{someKey:{type:"string"}},required:["someKey"]},example:{someKey:"some value"}}}}}}}}})})();"`;

exports[`Rspack plugin > should handle a YAML schema with a reference 1`] = `"(()=>{"use strict";var e={},r={};function t(o){var s=r[o];if(void 0!==s)return s.exports;var n=r[o]={exports:{}};return e[o](n,n.exports,t),n.exports}t.rv=function(){return"1.0.5"},t.ruid="bundler=rspack@1.0.5";console.log({openapi:"3.0.0",info:{title:"My great API",description:"Great description",version:"1.0.0"},paths:{"/my/path":{get:{summary:"Some GET request",responses:{200:{description:"Some response",content:{"application/json":{schema:{type:"object",properties:{someKey:{type:"string"}},required:["someKey"]},example:{someKey:"some value"}}}}}}}}})})();"`;
